[0.028s] Invoking command in '/home/nick/panda_dof_ws/src/build/panda_0dof_moveit_config': CMAKE_PREFIX_PATH=${CMAKE_PREFIX_PATH}:/home/nick/ws_moveit/install/moveit_configs_utils:/opt/ros/humble /usr/bin/cmake /home/nick/panda_dof_ws/src/panda_0dof_moveit_config -DCMAKE_INSTALL_PREFIX=/home/nick/panda_dof_ws/src/install/panda_0dof_moveit_config
[0.950s] -- The C compiler identification is GNU 11.4.0
[0.950s] -- The CXX compiler identification is GNU 11.4.0
[0.951s] -- Detecting C compiler ABI info
[0.951s] -- Detecting C compiler ABI info - done
[0.951s] -- Check for working C compiler: /usr/bin/cc - skipped
[0.951s] -- Detecting C compile features
[0.951s] -- Detecting C compile features - done
[0.954s] -- Detecting CXX compiler ABI info
[0.954s] -- Detecting CXX compiler ABI info - done
[0.954s] -- Check for working CXX compiler: /usr/bin/c++ - skipped
[0.954s] -- Detecting CXX compile features
[0.954s] -- Detecting CXX compile features - done
[0.954s] -- Found ament_cmake: 1.3.11 (/opt/ros/humble/share/ament_cmake/cmake)
[0.954s] -- Found Python3: /usr/bin/python3 (found version "3.10.12") found components: Interpreter 
[0.955s] -- Found ament_lint_auto: 0.12.14 (/opt/ros/humble/share/ament_lint_auto/cmake)
[1.022s] -- Added test 'lint_cmake' to check CMake code style
[1.025s] -- Added test 'xmllint' to check XML markup files
[1.028s] -- Configuring done
[1.032s] -- Generating done
[1.034s] -- Build files have been written to: /home/nick/panda_dof_ws/src/build/panda_0dof_moveit_config
[1.040s] Invoked command in '/home/nick/panda_dof_ws/src/build/panda_0dof_moveit_config' returned '0': CMAKE_PREFIX_PATH=${CMAKE_PREFIX_PATH}:/home/nick/ws_moveit/install/moveit_configs_utils:/opt/ros/humble /usr/bin/cmake /home/nick/panda_dof_ws/src/panda_0dof_moveit_config -DCMAKE_INSTALL_PREFIX=/home/nick/panda_dof_ws/src/install/panda_0dof_moveit_config
[1.041s] Invoking command in '/home/nick/panda_dof_ws/src/build/panda_0dof_moveit_config': CMAKE_PREFIX_PATH=${CMAKE_PREFIX_PATH}:/home/nick/ws_moveit/install/moveit_configs_utils:/opt/ros/humble /usr/bin/cmake --build /home/nick/panda_dof_ws/src/build/panda_0dof_moveit_config -- -j12 -l12
[1.103s] Invoked command in '/home/nick/panda_dof_ws/src/build/panda_0dof_moveit_config' returned '0': CMAKE_PREFIX_PATH=${CMAKE_PREFIX_PATH}:/home/nick/ws_moveit/install/moveit_configs_utils:/opt/ros/humble /usr/bin/cmake --build /home/nick/panda_dof_ws/src/build/panda_0dof_moveit_config -- -j12 -l12
[1.104s] Invoking command in '/home/nick/panda_dof_ws/src/build/panda_0dof_moveit_config': CMAKE_PREFIX_PATH=${CMAKE_PREFIX_PATH}:/home/nick/ws_moveit/install/moveit_configs_utils:/opt/ros/humble /usr/bin/cmake --install /home/nick/panda_dof_ws/src/build/panda_0dof_moveit_config
[1.123s] -- Install configuration: ""
[1.123s] -- Installing: /home/nick/panda_dof_ws/src/install/panda_0dof_moveit_config/share/ament_index/resource_index/package_run_dependencies/panda_0dof_moveit_config
[1.123s] -- Installing: /home/nick/panda_dof_ws/src/install/panda_0dof_moveit_config/share/ament_index/resource_index/parent_prefix_path/panda_0dof_moveit_config
[1.123s] -- Installing: /home/nick/panda_dof_ws/src/install/panda_0dof_moveit_config/share/panda_0dof_moveit_config/environment/ament_prefix_path.sh
[1.123s] -- Installing: /home/nick/panda_dof_ws/src/install/panda_0dof_moveit_config/share/panda_0dof_moveit_config/environment/ament_prefix_path.dsv
[1.123s] -- Installing: /home/nick/panda_dof_ws/src/install/panda_0dof_moveit_config/share/panda_0dof_moveit_config/environment/path.sh
[1.123s] -- Installing: /home/nick/panda_dof_ws/src/install/panda_0dof_moveit_config/share/panda_0dof_moveit_config/environment/path.dsv
[1.123s] -- Installing: /home/nick/panda_dof_ws/src/install/panda_0dof_moveit_config/share/panda_0dof_moveit_config/local_setup.bash
[1.123s] -- Installing: /home/nick/panda_dof_ws/src/install/panda_0dof_moveit_config/share/panda_0dof_moveit_config/local_setup.sh
[1.123s] -- Installing: /home/nick/panda_dof_ws/src/install/panda_0dof_moveit_config/share/panda_0dof_moveit_config/local_setup.zsh
[1.123s] -- Installing: /home/nick/panda_dof_ws/src/install/panda_0dof_moveit_config/share/panda_0dof_moveit_config/local_setup.dsv
[1.123s] -- Installing: /home/nick/panda_dof_ws/src/install/panda_0dof_moveit_config/share/panda_0dof_moveit_config/package.dsv
[1.124s] -- Installing: /home/nick/panda_dof_ws/src/install/panda_0dof_moveit_config/share/ament_index/resource_index/packages/panda_0dof_moveit_config
[1.124s] -- Installing: /home/nick/panda_dof_ws/src/install/panda_0dof_moveit_config/share/panda_0dof_moveit_config/cmake/panda_0dof_moveit_configConfig.cmake
[1.124s] -- Installing: /home/nick/panda_dof_ws/src/install/panda_0dof_moveit_config/share/panda_0dof_moveit_config/cmake/panda_0dof_moveit_configConfig-version.cmake
[1.124s] -- Installing: /home/nick/panda_dof_ws/src/install/panda_0dof_moveit_config/share/panda_0dof_moveit_config/package.xml
[1.155s] Invoked command in '/home/nick/panda_dof_ws/src/build/panda_0dof_moveit_config' returned '0': CMAKE_PREFIX_PATH=${CMAKE_PREFIX_PATH}:/home/nick/ws_moveit/install/moveit_configs_utils:/opt/ros/humble /usr/bin/cmake --install /home/nick/panda_dof_ws/src/build/panda_0dof_moveit_config
