running egg_info
creating ../build/zero_dof_config/zero_dof_config.egg-info
writing ../build/zero_dof_config/zero_dof_config.egg-info/PKG-INFO
writing dependency_links to ../build/zero_dof_config/zero_dof_config.egg-info/dependency_links.txt
writing entry points to ../build/zero_dof_config/zero_dof_config.egg-info/entry_points.txt
writing requirements to ../build/zero_dof_config/zero_dof_config.egg-info/requires.txt
writing top-level names to ../build/zero_dof_config/zero_dof_config.egg-info/top_level.txt
writing manifest file '../build/zero_dof_config/zero_dof_config.egg-info/SOURCES.txt'
reading manifest file '../build/zero_dof_config/zero_dof_config.egg-info/SOURCES.txt'
writing manifest file '../build/zero_dof_config/zero_dof_config.egg-info/SOURCES.txt'
running build
running build_py
creating /home/nick/panda_dof_ws/src/build/zero_dof_config/build
creating /home/nick/panda_dof_ws/src/build/zero_dof_config/build/lib
creating /home/nick/panda_dof_ws/src/build/zero_dof_config/build/lib/zero_dof_config
copying zero_dof_config/demo.launch.py -> /home/nick/panda_dof_ws/src/build/zero_dof_config/build/lib/zero_dof_config
copying zero_dof_config/__init__.py -> /home/nick/panda_dof_ws/src/build/zero_dof_config/build/lib/zero_dof_config
running install
running install_lib
creating /home/nick/panda_dof_ws/src/install/zero_dof_config/lib/python3.10/site-packages/zero_dof_config
copying /home/nick/panda_dof_ws/src/build/zero_dof_config/build/lib/zero_dof_config/demo.launch.py -> /home/nick/panda_dof_ws/src/install/zero_dof_config/lib/python3.10/site-packages/zero_dof_config
copying /home/nick/panda_dof_ws/src/build/zero_dof_config/build/lib/zero_dof_config/__init__.py -> /home/nick/panda_dof_ws/src/install/zero_dof_config/lib/python3.10/site-packages/zero_dof_config
byte-compiling /home/nick/panda_dof_ws/src/install/zero_dof_config/lib/python3.10/site-packages/zero_dof_config/demo.launch.py to demo.launch.cpython-310.pyc
byte-compiling /home/nick/panda_dof_ws/src/install/zero_dof_config/lib/python3.10/site-packages/zero_dof_config/__init__.py to __init__.cpython-310.pyc
running install_data
creating /home/nick/panda_dof_ws/src/install/zero_dof_config/share/ament_index
creating /home/nick/panda_dof_ws/src/install/zero_dof_config/share/ament_index/resource_index
creating /home/nick/panda_dof_ws/src/install/zero_dof_config/share/ament_index/resource_index/packages
copying resource/zero_dof_config -> /home/nick/panda_dof_ws/src/install/zero_dof_config/share/ament_index/resource_index/packages
copying package.xml -> /home/nick/panda_dof_ws/src/install/zero_dof_config/share/zero_dof_config
running install_egg_info
Copying ../build/zero_dof_config/zero_dof_config.egg-info to /home/nick/panda_dof_ws/src/install/zero_dof_config/lib/python3.10/site-packages/zero_dof_config-0.0.0-py3.10.egg-info
running install_scripts
writing list of installed files to '/home/nick/panda_dof_ws/src/build/zero_dof_config/install.log'
