[0.032s] Invoking command in '/home/nick/panda_dof_ws/src/build/panda_urdf_modifications': CMAKE_PREFIX_PATH=${CMAKE_PREFIX_PATH}:/home/nick/ws_moveit/install/moveit_configs_utils:/opt/ros/humble /usr/bin/cmake /home/nick/panda_dof_ws/src/panda_urdf_modifications -DCMAKE_INSTALL_PREFIX=/home/nick/panda_dof_ws/src/install/panda_urdf_modifications
[0.166s] -- The C compiler identification is GNU 11.4.0
[0.247s] -- The CXX compiler identification is GNU 11.4.0
[0.257s] -- Detecting C compiler ABI info
[0.345s] -- Detecting C compiler ABI info - done
[0.355s] -- Check for working C compiler: /usr/bin/cc - skipped
[0.355s] -- Detecting C compile features
[0.355s] -- Detecting C compile features - done
[0.359s] -- Detecting CXX compiler ABI info
[0.481s] -- Detecting CXX compiler ABI info - done
[0.492s] -- Check for working CXX compiler: /usr/bin/c++ - skipped
[0.492s] -- Detecting CXX compile features
[0.493s] -- Detecting CXX compile features - done
[0.501s] -- Found ament_cmake: 1.3.11 (/opt/ros/humble/share/ament_cmake/cmake)
[0.717s] -- Found Python3: /usr/bin/python3 (found version "3.10.12") found components: Interpreter 
[0.923s] -- Found ament_lint_auto: 0.12.14 (/opt/ros/humble/share/ament_lint_auto/cmake)
[1.054s] -- Added test 'lint_cmake' to check CMake code style
[1.058s] -- Added test 'xmllint' to check XML markup files
[1.062s] -- Configuring done
[1.063s] -- Generating done
[1.064s] -- Build files have been written to: /home/nick/panda_dof_ws/src/build/panda_urdf_modifications
[1.093s] Invoked command in '/home/nick/panda_dof_ws/src/build/panda_urdf_modifications' returned '0': CMAKE_PREFIX_PATH=${CMAKE_PREFIX_PATH}:/home/nick/ws_moveit/install/moveit_configs_utils:/opt/ros/humble /usr/bin/cmake /home/nick/panda_dof_ws/src/panda_urdf_modifications -DCMAKE_INSTALL_PREFIX=/home/nick/panda_dof_ws/src/install/panda_urdf_modifications
[1.094s] Invoking command in '/home/nick/panda_dof_ws/src/build/panda_urdf_modifications': CMAKE_PREFIX_PATH=${CMAKE_PREFIX_PATH}:/home/nick/ws_moveit/install/moveit_configs_utils:/opt/ros/humble /usr/bin/cmake --build /home/nick/panda_dof_ws/src/build/panda_urdf_modifications -- -j12 -l12
[1.176s] Invoked command in '/home/nick/panda_dof_ws/src/build/panda_urdf_modifications' returned '0': CMAKE_PREFIX_PATH=${CMAKE_PREFIX_PATH}:/home/nick/ws_moveit/install/moveit_configs_utils:/opt/ros/humble /usr/bin/cmake --build /home/nick/panda_dof_ws/src/build/panda_urdf_modifications -- -j12 -l12
[1.177s] Invoking command in '/home/nick/panda_dof_ws/src/build/panda_urdf_modifications': CMAKE_PREFIX_PATH=${CMAKE_PREFIX_PATH}:/home/nick/ws_moveit/install/moveit_configs_utils:/opt/ros/humble /usr/bin/cmake --install /home/nick/panda_dof_ws/src/build/panda_urdf_modifications
[1.198s] -- Install configuration: ""
[1.198s] -- Installing: /home/nick/panda_dof_ws/src/install/panda_urdf_modifications/share/panda_urdf_modifications/urdf
[1.198s] -- Installing: /home/nick/panda_dof_ws/src/install/panda_urdf_modifications/share/panda_urdf_modifications/urdf/panda_1dof.urdf.xacro
[1.198s] -- Installing: /home/nick/panda_dof_ws/src/install/panda_urdf_modifications/share/panda_urdf_modifications/urdf/panda_2dof.urdf.xacro
[1.199s] -- Installing: /home/nick/panda_dof_ws/src/install/panda_urdf_modifications/share/panda_urdf_modifications/urdf/panda_7dof.urdf.xacro
[1.199s] -- Installing: /home/nick/panda_dof_ws/src/install/panda_urdf_modifications/share/panda_urdf_modifications/urdf/panda_4dof.urdf.xacro
[1.199s] -- Installing: /home/nick/panda_dof_ws/src/install/panda_urdf_modifications/share/panda_urdf_modifications/urdf/panda_6dof.urdf.xacro
[1.199s] -- Installing: /home/nick/panda_dof_ws/src/install/panda_urdf_modifications/share/panda_urdf_modifications/urdf/panda_0dof.urdf.xacro
[1.199s] -- Installing: /home/nick/panda_dof_ws/src/install/panda_urdf_modifications/share/panda_urdf_modifications/urdf/panda_3dof.urdf.xacro
[1.199s] -- Installing: /home/nick/panda_dof_ws/src/install/panda_urdf_modifications/share/panda_urdf_modifications/urdf/panda_5dof.urdf.xacro
[1.199s] -- Installing: /home/nick/panda_dof_ws/src/install/panda_urdf_modifications/share/ament_index/resource_index/package_run_dependencies/panda_urdf_modifications
[1.199s] -- Installing: /home/nick/panda_dof_ws/src/install/panda_urdf_modifications/share/ament_index/resource_index/parent_prefix_path/panda_urdf_modifications
[1.199s] -- Installing: /home/nick/panda_dof_ws/src/install/panda_urdf_modifications/share/panda_urdf_modifications/environment/ament_prefix_path.sh
[1.199s] -- Installing: /home/nick/panda_dof_ws/src/install/panda_urdf_modifications/share/panda_urdf_modifications/environment/ament_prefix_path.dsv
[1.199s] -- Installing: /home/nick/panda_dof_ws/src/install/panda_urdf_modifications/share/panda_urdf_modifications/environment/path.sh
[1.199s] -- Installing: /home/nick/panda_dof_ws/src/install/panda_urdf_modifications/share/panda_urdf_modifications/environment/path.dsv
[1.199s] -- Installing: /home/nick/panda_dof_ws/src/install/panda_urdf_modifications/share/panda_urdf_modifications/local_setup.bash
[1.200s] -- Installing: /home/nick/panda_dof_ws/src/install/panda_urdf_modifications/share/panda_urdf_modifications/local_setup.sh
[1.200s] -- Installing: /home/nick/panda_dof_ws/src/install/panda_urdf_modifications/share/panda_urdf_modifications/local_setup.zsh
[1.200s] -- Installing: /home/nick/panda_dof_ws/src/install/panda_urdf_modifications/share/panda_urdf_modifications/local_setup.dsv
[1.200s] -- Installing: /home/nick/panda_dof_ws/src/install/panda_urdf_modifications/share/panda_urdf_modifications/package.dsv
[1.200s] -- Installing: /home/nick/panda_dof_ws/src/install/panda_urdf_modifications/share/ament_index/resource_index/packages/panda_urdf_modifications
[1.200s] -- Installing: /home/nick/panda_dof_ws/src/install/panda_urdf_modifications/share/panda_urdf_modifications/cmake/panda_urdf_modificationsConfig.cmake
[1.200s] -- Installing: /home/nick/panda_dof_ws/src/install/panda_urdf_modifications/share/panda_urdf_modifications/cmake/panda_urdf_modificationsConfig-version.cmake
[1.200s] -- Installing: /home/nick/panda_dof_ws/src/install/panda_urdf_modifications/share/panda_urdf_modifications/package.xml
[1.225s] Invoked command in '/home/nick/panda_dof_ws/src/build/panda_urdf_modifications' returned '0': CMAKE_PREFIX_PATH=${CMAKE_PREFIX_PATH}:/home/nick/ws_moveit/install/moveit_configs_utils:/opt/ros/humble /usr/bin/cmake --install /home/nick/panda_dof_ws/src/build/panda_urdf_modifications
