[0.043s] Invoking command in '/home/nick/panda_dof_ws/src/build/panda_2dof_moveit_config': CMAKE_PREFIX_PATH=${CMAKE_PREFIX_PATH}:/home/nick/ws_moveit/install/moveit_configs_utils:/opt/ros/humble /usr/bin/cmake /home/nick/panda_dof_ws/src/panda_2dof_moveit_config -DCMAKE_INSTALL_PREFIX=/home/nick/panda_dof_ws/src/install/panda_2dof_moveit_config
[0.187s] -- The C compiler identification is GNU 11.4.0
[0.270s] -- The CXX compiler identification is GNU 11.4.0
[0.279s] -- Detecting C compiler ABI info
[0.361s] -- Detecting C compiler ABI info - done
[0.371s] -- Check for working C compiler: /usr/bin/cc - skipped
[0.372s] -- Detecting C compile features
[0.372s] -- Detecting C compile features - done
[0.373s] -- Detecting CXX compiler ABI info
[0.474s] -- Detecting CXX compiler ABI info - done
[0.483s] -- Check for working CXX compiler: /usr/bin/c++ - skipped
[0.483s] -- Detecting CXX compile features
[0.484s] -- Detecting CXX compile features - done
[0.501s] -- Found ament_cmake: 1.3.11 (/opt/ros/humble/share/ament_cmake/cmake)
[0.725s] -- Found Python3: /usr/bin/python3 (found version "3.10.12") found components: Interpreter 
[0.904s] -- Found ament_lint_auto: 0.12.14 (/opt/ros/humble/share/ament_lint_auto/cmake)
[1.061s] -- Added test 'lint_cmake' to check CMake code style
[1.067s] -- Added test 'xmllint' to check XML markup files
[1.067s] -- Configuring done
[1.070s] -- Generating done
[1.071s] -- Build files have been written to: /home/nick/panda_dof_ws/src/build/panda_2dof_moveit_config
[1.080s] Invoked command in '/home/nick/panda_dof_ws/src/build/panda_2dof_moveit_config' returned '0': CMAKE_PREFIX_PATH=${CMAKE_PREFIX_PATH}:/home/nick/ws_moveit/install/moveit_configs_utils:/opt/ros/humble /usr/bin/cmake /home/nick/panda_dof_ws/src/panda_2dof_moveit_config -DCMAKE_INSTALL_PREFIX=/home/nick/panda_dof_ws/src/install/panda_2dof_moveit_config
[1.082s] Invoking command in '/home/nick/panda_dof_ws/src/build/panda_2dof_moveit_config': CMAKE_PREFIX_PATH=${CMAKE_PREFIX_PATH}:/home/nick/ws_moveit/install/moveit_configs_utils:/opt/ros/humble /usr/bin/cmake --build /home/nick/panda_dof_ws/src/build/panda_2dof_moveit_config -- -j12 -l12
[1.151s] Invoked command in '/home/nick/panda_dof_ws/src/build/panda_2dof_moveit_config' returned '0': CMAKE_PREFIX_PATH=${CMAKE_PREFIX_PATH}:/home/nick/ws_moveit/install/moveit_configs_utils:/opt/ros/humble /usr/bin/cmake --build /home/nick/panda_dof_ws/src/build/panda_2dof_moveit_config -- -j12 -l12
[1.152s] Invoking command in '/home/nick/panda_dof_ws/src/build/panda_2dof_moveit_config': CMAKE_PREFIX_PATH=${CMAKE_PREFIX_PATH}:/home/nick/ws_moveit/install/moveit_configs_utils:/opt/ros/humble /usr/bin/cmake --install /home/nick/panda_dof_ws/src/build/panda_2dof_moveit_config
[1.159s] -- Install configuration: ""
[1.159s] -- Installing: /home/nick/panda_dof_ws/src/install/panda_2dof_moveit_config/share/panda_2dof_moveit_config/urdf
[1.159s] -- Installing: /home/nick/panda_dof_ws/src/install/panda_2dof_moveit_config/share/panda_2dof_moveit_config/urdf/panda.urdf
[1.159s] -- Installing: /home/nick/panda_dof_ws/src/install/panda_2dof_moveit_config/share/ament_index/resource_index/package_run_dependencies/panda_2dof_moveit_config
[1.159s] -- Installing: /home/nick/panda_dof_ws/src/install/panda_2dof_moveit_config/share/ament_index/resource_index/parent_prefix_path/panda_2dof_moveit_config
[1.159s] -- Installing: /home/nick/panda_dof_ws/src/install/panda_2dof_moveit_config/share/panda_2dof_moveit_config/environment/ament_prefix_path.sh
[1.160s] -- Installing: /home/nick/panda_dof_ws/src/install/panda_2dof_moveit_config/share/panda_2dof_moveit_config/environment/ament_prefix_path.dsv
[1.160s] -- Installing: /home/nick/panda_dof_ws/src/install/panda_2dof_moveit_config/share/panda_2dof_moveit_config/environment/path.sh
[1.160s] -- Installing: /home/nick/panda_dof_ws/src/install/panda_2dof_moveit_config/share/panda_2dof_moveit_config/environment/path.dsv
[1.160s] -- Installing: /home/nick/panda_dof_ws/src/install/panda_2dof_moveit_config/share/panda_2dof_moveit_config/local_setup.bash
[1.160s] -- Installing: /home/nick/panda_dof_ws/src/install/panda_2dof_moveit_config/share/panda_2dof_moveit_config/local_setup.sh
[1.160s] -- Installing: /home/nick/panda_dof_ws/src/install/panda_2dof_moveit_config/share/panda_2dof_moveit_config/local_setup.zsh
[1.160s] -- Installing: /home/nick/panda_dof_ws/src/install/panda_2dof_moveit_config/share/panda_2dof_moveit_config/local_setup.dsv
[1.160s] -- Installing: /home/nick/panda_dof_ws/src/install/panda_2dof_moveit_config/share/panda_2dof_moveit_config/package.dsv
[1.160s] -- Installing: /home/nick/panda_dof_ws/src/install/panda_2dof_moveit_config/share/ament_index/resource_index/packages/panda_2dof_moveit_config
[1.160s] -- Installing: /home/nick/panda_dof_ws/src/install/panda_2dof_moveit_config/share/panda_2dof_moveit_config/cmake/panda_2dof_moveit_configConfig.cmake
[1.160s] -- Installing: /home/nick/panda_dof_ws/src/install/panda_2dof_moveit_config/share/panda_2dof_moveit_config/cmake/panda_2dof_moveit_configConfig-version.cmake
[1.160s] -- Installing: /home/nick/panda_dof_ws/src/install/panda_2dof_moveit_config/share/panda_2dof_moveit_config/package.xml
[1.219s] Invoked command in '/home/nick/panda_dof_ws/src/build/panda_2dof_moveit_config' returned '0': CMAKE_PREFIX_PATH=${CMAKE_PREFIX_PATH}:/home/nick/ws_moveit/install/moveit_configs_utils:/opt/ros/humble /usr/bin/cmake --install /home/nick/panda_dof_ws/src/build/panda_2dof_moveit_config
